---
source: crates/move-compiler/tests/move_check_testsuite.rs
info:
  flavor: mys
  edition: legacy
  lint: false
---
error[Mys E02003]: invalid 'init' function
  ┌─ tests/mys_mode/one_time_witness/other_mod_def.move:7:9
  │
7 │     fun init(_otw: mys::MYS, _ctx: &mut tx_context::TxContext) {
  │         ^^^^       -------- Invalid parameter '_otw' of type 'mys::mys::MYS'. Expected a one-time witness type, 'a::n::N
  │         │           
  │         Invalid 'init' function declaration
  │
  = One-time witness types are structs with the following requirements: their name is the upper-case version of the module's name, they have no fields (or a single boolean field), they have no type parameters, and they have only the 'drop' ability.
