---
source: crates/move-compiler/tests/move_check_testsuite.rs
info:
  flavor: mys
  edition: legacy
  lint: false
---
error[Mys E02002]: invalid 'entry' function signature
  ┌─ tests/mys_mode/entry_points/clock_mut.move:4:35
  │
4 │     public entry fun no_clock_mut(_: &mut mys::clock::Clock) {
  │            -----                  ^  ---------------------- mys::clock::Clock must be passed by immutable reference, e.g. '&mys::clock::Clock'
  │            │                      │   
  │            │                      Invalid 'entry' parameter type for parameter '_'
  │            'no_clock_mut' was declared 'entry' here
