---
source: crates/move-compiler/tests/move_check_testsuite.rs
info:
  flavor: mys
  edition: legacy
  lint: false
---
error[Mys E02002]: invalid 'entry' function signature
  ┌─ tests/mys_mode/entry_points/random_val.move:4:36
  │
4 │     public entry fun no_random_val(_: mys::random::Random) {
  │            -----                   ^  ------------------- mys::random::Random must be passed by immutable reference, e.g. '&mys::random::Random'
  │            │                       │   
  │            │                       Invalid 'entry' parameter type for parameter '_'
  │            'no_random_val' was declared 'entry' here
