---
source: crates/mys/tests/shell_tests.rs
description: tests/shell_tests/with_network/dummy.sh
---
----- script -----
# Copyright (c) Mysten Labs, Inc.
# SPDX-License-Identifier: Apache-2.0

# simple test just to make sure the test runner works with the network
mys client --client.config $CONFIG objects --json | jq 'length'

----- results -----
success: true
exit_code: 0
----- stdout -----
5

----- stderr -----
