---
source: external-crates/move/crates/move-transactional-test-runner/src/framework.rs
---
processed 1 task

task 0, lines 6-14:
//# publish
Error: Transaction Effects Status: Mys Move Bytecode Verification Error. Please run the Mys Move Verifier for more information.
Execution Error: ExecutionError: ExecutionError { inner: ExecutionErrorInner { kind: MysMoveVerificationError, source: Some("Invalid entry point parameter type. Random must be passed by immutable reference. got: &mut mys::random::Random"), command: Some(0) } }
