---
source: crates/move-compiler/tests/move_check_testsuite.rs
info:
  flavor: mys
  edition: legacy
  lint: false
---
error[Mys E02007]: invalid object declaration
  ┌─ tests/mys_mode/struct_with_key/key_struct_id_field_incorrect_struct_address.move:5:9
  │
4 │     struct S has key {
  │                  --- The 'key' ability is used to declare objects in Mys
5 │         id: UID
  │         ^^  --- But found type: 'a::object::UID'
  │         │    
  │         Invalid object 'S'. Structs with the 'key' ability must have 'id: mys::object::UID' as their first field

error[Mys E02007]: invalid object declaration
   ┌─ tests/mys_mode/struct_with_key/key_struct_id_field_incorrect_struct_address.move:12:9
   │
11 │     struct S has key {
   │                  --- The 'key' ability is used to declare objects in Mys
12 │         id: UID
   │         ^^  --- But found type: '0x3::object::UID'
   │         │    
   │         Invalid object 'S'. Structs with the 'key' ability must have 'id: mys::object::UID' as their first field
