---
source: external-crates/move/crates/move-transactional-test-runner/src/framework.rs
---
processed 4 tasks

task 0, lines 6-16:
//# publish
Error: Transaction Effects Status: Mys Move Bytecode Verification Error. Please run the Mys Move Verifier for more information.
Execution Error: ExecutionError: ExecutionError { inner: ExecutionErrorInner { kind: MysMoveVerificationError, source: Some("_::m::t. Invalid call to 'mys::transfer::transfer' on an object of type 'mys::clock::Clock'. The transferred object's type must be defined in the current module. If the object has the 'store' type ability, you can use the non-internal variant instead, i.e. 'mys::transfer::public_transfer'"), command: Some(0) } }

task 1, lines 18-28:
//# publish
Error: Transaction Effects Status: Mys Move Bytecode Verification Error. Please run the Mys Move Verifier for more information.
Execution Error: ExecutionError: ExecutionError { inner: ExecutionErrorInner { kind: MysMoveVerificationError, source: Some("_::m::t. Invalid call to 'mys::transfer::share_object' on an object of type 'mys::clock::Clock'. The transferred object's type must be defined in the current module. If the object has the 'store' type ability, you can use the non-internal variant instead, i.e. 'mys::transfer::public_share_object'"), command: Some(0) } }

task 2, lines 30-40:
//# publish
Error: Transaction Effects Status: Mys Move Bytecode Verification Error. Please run the Mys Move Verifier for more information.
Execution Error: ExecutionError: ExecutionError { inner: ExecutionErrorInner { kind: MysMoveVerificationError, source: Some("_::m::t. Invalid call to 'mys::transfer::freeze_object' on an object of type 'mys::clock::Clock'. The transferred object's type must be defined in the current module. If the object has the 'store' type ability, you can use the non-internal variant instead, i.e. 'mys::transfer::public_freeze_object'"), command: Some(0) } }

task 3, lines 42-54:
//# publish
Error: Transaction Effects Status: Mys Move Bytecode Verification Error. Please run the Mys Move Verifier for more information.
Execution Error: ExecutionError: ExecutionError { inner: ExecutionErrorInner { kind: MysMoveVerificationError, source: Some("_::m::t. Invalid call to 'mys::transfer::receive' on an object of type 'mys::clock::Clock'. The transferred object's type must be defined in the current module. If the object has the 'store' type ability, you can use the non-internal variant instead, i.e. 'mys::transfer::public_receive'"), command: Some(0) } }
