---
source: external-crates/move/crates/move-transactional-test-runner/src/framework.rs
---
processed 2 tasks

task 1, lines 6-11:
//# publish
Error: Transaction Effects Status: Mys Move Bytecode Verification Error. Please run the Mys Move Verifier for more information.
Execution Error: ExecutionError: ExecutionError { inner: ExecutionErrorInner { kind: MysMoveVerificationError, source: Some("Enum X cannot have the 'key' ability. Enums cannot have the 'key' ability."), command: Some(0) } }
