---
source: external-crates/move/crates/move-transactional-test-runner/src/framework.rs
---
processed 1 task

task 0, lines 6-16:
//# publish
Error: Transaction Effects Status: Mys Move Bytecode Verification Error. Please run the Mys Move Verifier for more information.
Execution Error: ExecutionError: ExecutionError { inner: ExecutionErrorInner { kind: MysMoveVerificationError, source: Some("_::m. 'init' function cannot have type parameters"), command: Some(0) } }
