---
source: external-crates/move/crates/move-transactional-test-runner/src/framework.rs
---
processed 3 tasks

init:
A: object(0,0), B: object(0,1)

task 1, lines 8-9:
//# programmable --sender A --inputs @B
//> TransferObjects([Gas], Input(0))
mutated: object(0,0)
gas summary: computation_cost: 1000000, storage_cost: 988000,  storage_rebate: 0, non_refundable_storage_fee: 0

task 2, line 11:
//# view-object 0,0
Owner: Account Address ( B )
Version: 2
Contents: mys::coin::Coin<mys::mys::MYS> {
    id: mys::object::UID {
        id: mys::object::ID {
            bytes: fake(0,0),
        },
    },
    balance: mys::balance::Balance<mys::mys::MYS> {
        value: 299999998012000u64,
    },
}
