---
source: crates/move-compiler/tests/move_check_testsuite.rs
info:
  flavor: mys
  edition: legacy
  lint: true
---
warning[W10007]: issue with attribute value
  ┌─ tests/mys_mode/linter/lint_all_syntax_missing.move:2:14
  │
2 │ #[lint_allow(x)]
  │              ^ Unknown warning filter 'lint_allow(x)'
